interactions:
- request:
    body: null
    headers:
      Host: ['minio:9000']
      X-Amz-Content-Sha256: [e3b0c44298fc1c149afbf4c8996fb92427ae41e4649b934ca495991b7852b855]
      X-Amz-Date: [20190930T195904Z]
    method: GET
    uri: http://minio:9000/thiagoarchivetest?location=
  response:
    body: {string: '<?xml version="1.0" encoding="UTF-8"?>

        <Error><Code>NoSuchBucket</Code><Message>The specified bucket does not exist</Message><Resource>/thiagoarchivetest</Resource><RequestId>15C94FABB4D2723E</RequestId><HostId>3L137</HostId></Error>'}
    headers:
      Accept-Ranges: [bytes]
      Content-Security-Policy: [block-all-mixed-content]
      Content-Type: [application/xml]
      Date: ['Mon, 30 Sep 2019 19:59:04 GMT']
      Server: [Minio/RELEASE.2018-08-02T23-11-36Z (linux; amd64)]
      Transfer-Encoding: [chunked]
      Vary: [Origin]
      X-Amz-Request-Id: [15C94FABB4D2723E]
      X-Xss-Protection: [1; mode=block]
    status: {code: 404, message: Not Found}
- request:
    body: null
    headers:
      Host: ['minio:9000']
      User-Agent: [MinIO (Linux; x86_64) minio-py/4.0.19]
      X-Amz-Content-Sha256: [e3b0c44298fc1c149afbf4c8996fb92427ae41e4649b934ca495991b7852b855]
      X-Amz-Date: [20190930T195904Z]
    method: PUT
    uri: http://minio:9000/thiagoarchivetest/
  response:
    body: {string: ''}
    headers:
      Accept-Ranges: [bytes]
      Content-Length: ['0']
      Content-Security-Policy: [block-all-mixed-content]
      Date: ['Mon, 30 Sep 2019 19:59:04 GMT']
      Location: [/thiagoarchivetest]
      Server: [Minio/RELEASE.2018-08-02T23-11-36Z (linux; amd64)]
      Vary: [Origin]
      X-Amz-Request-Id: [15C94FABB50C100A]
      X-Xss-Protection: [1; mode=block]
    status: {code: 200, message: OK}
- request:
    body: '{"Statement": [{"Action": ["s3:GetObject"], "Effect": "Allow", "Principal":
      {"AWS": ["*"]}, "Resource": ["arn:aws:s3:::thiagoarchivetest/*"]}], "Version":
      "2012-10-17"}'
    headers:
      content-length: ['168']
      content-md5: [YCiWymyioPlJ5VhSB/6YTQ==]
      host: ['minio:9000']
      user-agent: [MinIO (Linux; x86_64) minio-py/4.0.19]
      x-amz-content-sha256: [6cb7008e5ef9de5b33e120325b3685b5fb0e938f26272204f2d4f2cd8caee2c8]
      x-amz-date: [20190930T195904Z]
    method: PUT
    uri: http://minio:9000/thiagoarchivetest/?policy=
  response:
    body: {string: ''}
    headers:
      Accept-Ranges: [bytes]
      Content-Security-Policy: [block-all-mixed-content]
      Date: ['Mon, 30 Sep 2019 19:59:04 GMT']
      Server: [Minio/RELEASE.2018-08-02T23-11-36Z (linux; amd64)]
      Vary: [Origin]
      X-Amz-Request-Id: [15C94FABB54EDF4A]
      X-Xss-Protection: [1; mode=block]
    status: {code: 204, message: No Content}
version: 1
